// Jest Snapshot v1, https://goo.gl/fbAQLP

exports[`App should render the App 1`] = `
Object {
  "asFragment": [Function],
  "baseElement": <body>
    <div>
      <div
        style="direction: ltr;"
      >
        <div
          class=""
          style="width: 0%; transition: width 800ms linear 0s; will-change: width, opacity; height: 3px; background-color: red; position: absolute; opacity: 0;"
        />
        <div
          style="display: table; clear: both;"
        />
      </div>
      <div
        class="container"
      >
        <nav
          class="nav"
        >
          <ul>
            <li>
              <a
                href="/"
                style="pointer-events: none;"
              >
                Home
              </a>
            </li>
            <li>
              <a
                href="/leaderboard"
                style="pointer-events: none;"
              >
                Leaderboard
              </a>
            </li>
            <li>
              <a
                href="/add"
                style="pointer-events: none;"
              >
                New
              </a>
            </li>
            <li>
              <a
                href="/"
              >
                Login
              </a>
            </li>
            <li>
              <img
                alt=""
                class="avatarsmall"
                src=""
              />
            </li>
          </ul>
        </nav>
        <div
          data-testid="login-component"
        >
          <h3
            class="center"
          >
            Log In
          </h3>
          <form>
            <div>
              User
            </div>
            <input
              class="text"
              data-testid="login-user-name"
              id="optionOne"
              maxlength="280"
              placeholder="User"
              type="text"
              value=""
            />
            <div>
              Password
            </div>
            <input
              class="text"
              data-testid="login-password"
              id="optionTwo"
              maxlength="280"
              placeholder="Password"
              type="text"
              value=""
            />
            <div>
              <button
                class="btn"
                data-testid="login-submit-button"
                disabled=""
                type="submit"
              >
                Submit
              </button>
            </div>
            <div />
          </form>
        </div>
      </div>
    </div>
  </body>,
  "container": <div>
    <div
      style="direction: ltr;"
    >
      <div
        class=""
        style="width: 0%; transition: width 800ms linear 0s; will-change: width, opacity; height: 3px; background-color: red; position: absolute; opacity: 0;"
      />
      <div
        style="display: table; clear: both;"
      />
    </div>
    <div
      class="container"
    >
      <nav
        class="nav"
      >
        <ul>
          <li>
            <a
              href="/"
              style="pointer-events: none;"
            >
              Home
            </a>
          </li>
          <li>
            <a
              href="/leaderboard"
              style="pointer-events: none;"
            >
              Leaderboard
            </a>
          </li>
          <li>
            <a
              href="/add"
              style="pointer-events: none;"
            >
              New
            </a>
          </li>
          <li>
            <a
              href="/"
            >
              Login
            </a>
          </li>
          <li>
            <img
              alt=""
              class="avatarsmall"
              src=""
            />
          </li>
        </ul>
      </nav>
      <div
        data-testid="login-component"
      >
        <h3
          class="center"
        >
          Log In
        </h3>
        <form>
          <div>
            User
          </div>
          <input
            class="text"
            data-testid="login-user-name"
            id="optionOne"
            maxlength="280"
            placeholder="User"
            type="text"
            value=""
          />
          <div>
            Password
          </div>
          <input
            class="text"
            data-testid="login-password"
            id="optionTwo"
            maxlength="280"
            placeholder="Password"
            type="text"
            value=""
          />
          <div>
            <button
              class="btn"
              data-testid="login-submit-button"
              disabled=""
              type="submit"
            >
              Submit
            </button>
          </div>
          <div />
        </form>
      </div>
    </div>
  </div>,
  "debug": [Function],
  "findAllByAltText": [Function],
  "findAllByDisplayValue": [Function],
  "findAllByLabelText": [Function],
  "findAllByPlaceholderText": [Function],
  "findAllByRole": [Function],
  "findAllByTestId": [Function],
  "findAllByText": [Function],
  "findAllByTitle": [Function],
  "findByAltText": [Function],
  "findByDisplayValue": [Function],
  "findByLabelText": [Function],
  "findByPlaceholderText": [Function],
  "findByRole": [Function],
  "findByTestId": [Function],
  "findByText": [Function],
  "findByTitle": [Function],
  "getAllByAltText": [Function],
  "getAllByDisplayValue": [Function],
  "getAllByLabelText": [Function],
  "getAllByPlaceholderText": [Function],
  "getAllByRole": [Function],
  "getAllByTestId": [Function],
  "getAllByText": [Function],
  "getAllByTitle": [Function],
  "getByAltText": [Function],
  "getByDisplayValue": [Function],
  "getByLabelText": [Function],
  "getByPlaceholderText": [Function],
  "getByRole": [Function],
  "getByTestId": [Function],
  "getByText": [Function],
  "getByTitle": [Function],
  "queryAllByAltText": [Function],
  "queryAllByDisplayValue": [Function],
  "queryAllByLabelText": [Function],
  "queryAllByPlaceholderText": [Function],
  "queryAllByRole": [Function],
  "queryAllByTestId": [Function],
  "queryAllByText": [Function],
  "queryAllByTitle": [Function],
  "queryByAltText": [Function],
  "queryByDisplayValue": [Function],
  "queryByLabelText": [Function],
  "queryByPlaceholderText": [Function],
  "queryByRole": [Function],
  "queryByTestId": [Function],
  "queryByText": [Function],
  "queryByTitle": [Function],
  "rerender": [Function],
  "unmount": [Function],
}
`;
